// Vitest Snapshot v1, https://vitest.dev/guide/snapshot.html

exports[`PullRequestNotFound Component > should render 1`] = `
<body>
  <div>
    <div
      class="p-4"
      data-testid="PullRequestNotFound"
    >
      <div
        data-testid="OpenThrottleEmptyState"
      >
        <h2
          class="text-lg font-bold mb-2"
        >
          Pull request not found
        </h2>
        <p
          class="text-sm text-muted-foreground"
        >
          This PR was not found for the selected owner and repo. Try another filter from the list or open the repository on GitHub.
        </p>
      </div>
      <div
        class="mt-4 flex flex-wrap gap-2"
      >
        <a
          class="cursor-pointer disabled:pointer-events-none disabled:opacity-50 inline-flex items-center justify-center gap-2 ring-offset-background transition-colors focus-visible:outline-none focus-visible:ring-2 focus-visible:ring-ring focus-visible:ring-offset-2 text-sm font-medium whitespace-nowrap [&_svg]:pointer-events-none [&_svg]:size-4 [&_svg]:shrink-0 h-9 rounded-md px-3 border border-input bg-background hover:bg-accent hover:text-accent-foreground"
          data-discover="true"
          href="/pull-requests?undefined"
        >
          Back to list
        </a>
        <a
          class="cursor-pointer disabled:pointer-events-none disabled:opacity-50 inline-flex items-center justify-center gap-2 ring-offset-background transition-colors focus-visible:outline-none focus-visible:ring-2 focus-visible:ring-ring focus-visible:ring-offset-2 text-sm font-medium whitespace-nowrap [&_svg]:pointer-events-none [&_svg]:size-4 [&_svg]:shrink-0 h-9 rounded-md px-3 border border-input bg-background hover:bg-accent hover:text-accent-foreground"
          href="https://github.com/undefined/undefined"
          rel="noopener noreferrer"
          target="_blank"
        >
          Open repo on GitHub
        </a>
      </div>
    </div>
  </div>
</body>
`;
