// Vitest Snapshot v1, https://vitest.dev/guide/snapshot.html

exports[`PullRequestStats Component > should render 1`] = `
<body>
  <div>
    <div
      class="grid md:grid-cols-3 gap-4 md:gap-8 lg:gap-12"
      data-testid="PullRequestStats"
    >
      <div
        class="bg-card rounded-lg transition-colors border hover:border-muted-foreground/40 p-4 md:p-8"
        data-testid="OpenThrottleStatCard"
      >
        <div
          class="flex flex-col space-y-1.5 p-0 pb-2"
        >
          <div
            class="flex gap-2 items-center"
          >
            <div
              class="tracking-tight text-sm font-medium text-muted-foreground"
            >
              Open / Yours
            </div>
          </div>
        </div>
        <div
          class="p-0 flex gap-1"
        >
          <p
            class="text-2xl font-bold"
          >
            23
          </p>
          <span
            class="text-2xl text-muted-foreground"
          >
            /
          </span>
          <p
            class="text-2xl text-muted-foreground"
          >
            21
          </p>
        </div>
      </div>
      <div
        class="bg-card rounded-lg transition-colors border hover:border-muted-foreground/40 p-4 md:p-8"
        data-testid="OpenThrottleStatCard"
      >
        <div
          class="flex flex-col space-y-1.5 p-0 pb-2"
        >
          <div
            class="flex gap-2 items-center"
          >
            <div
              class="tracking-tight text-sm font-medium text-muted-foreground"
            >
              Merged / Closed
            </div>
          </div>
        </div>
        <div
          class="p-0 flex gap-1"
        >
          <p
            class="text-2xl font-bold"
          >
            100
          </p>
          <span
            class="text-2xl text-muted-foreground"
          >
            /
          </span>
          <p
            class="text-2xl text-muted-foreground"
          >
            85
          </p>
        </div>
      </div>
      <div
        class="bg-card rounded-lg transition-colors border hover:border-muted-foreground/40 p-4 md:p-8"
        data-testid="OpenThrottleStatCard"
      >
        <div
          class="flex flex-col space-y-1.5 p-0 pb-2"
        >
          <div
            class="flex gap-2 items-center"
          >
            <div
              class="tracking-tight text-sm font-medium text-muted-foreground"
            >
              All
            </div>
          </div>
        </div>
        <div
          class="p-0 flex gap-1"
        >
          <p
            class="text-2xl font-bold"
          >
            123
          </p>
        </div>
      </div>
    </div>
  </div>
</body>
`;
