// Vitest Snapshot v1, https://vitest.dev/guide/snapshot.html

exports[`PullRequestsTable Component > matches snapshot for empty list 1`] = `
<body>
  <div>
    <div
      class="border ui-border rounded-lg"
      data-testid="PullRequestsTable"
    >
      <div
        class="relative w-full overflow-auto"
      >
        <table
          class="w-full caption-bottom text-sm overflow-hidden rounded-md border"
        >
          <thead
            class="[&_tr]:border-b"
          >
            <tr
              class="border-b border-border transition-colors hover:bg-muted/50 data-[state=selected]:bg-muted"
            >
              <th
                class="h-10 px-2 text-left align-middle font-medium text-muted-foreground [&:has([role=checkbox])]:pr-0 [&>[role=checkbox]]:translate-y-[2px]"
              >
                <div
                  class="p-2"
                >
                  Title
                </div>
              </th>
              <th
                class="h-10 px-2 text-left align-middle font-medium text-muted-foreground [&:has([role=checkbox])]:pr-0 [&>[role=checkbox]]:translate-y-[2px]"
              >
                <div
                  class="p-2"
                >
                  Author
                </div>
              </th>
              <th
                class="h-10 px-2 text-left align-middle font-medium text-muted-foreground [&:has([role=checkbox])]:pr-0 [&>[role=checkbox]]:translate-y-[2px]"
              >
                <div
                  class="text-center"
                >
                  Actions
                </div>
              </th>
            </tr>
          </thead>
          <tbody
            class="[&_tr:last-child]:border-0"
          >
            <tr
              class="border-b border-border transition-colors hover:bg-muted/50 data-[state=selected]:bg-muted"
            >
              <td
                class="p-2 align-middle [&:has([role=checkbox])]:pr-0 [&>[role=checkbox]]:translate-y-[2px] h-24 text-center"
                colspan="3"
              >
                No results.
              </td>
            </tr>
          </tbody>
        </table>
      </div>
    </div>
  </div>
</body>
`;

exports[`PullRequestsTable Component > when pulls are provided > matches snapshot with one pull 1`] = `
<body>
  <div>
    <div
      class="border ui-border rounded-lg"
      data-testid="PullRequestsTable"
    >
      <div
        class="relative w-full overflow-auto"
      >
        <table
          class="w-full caption-bottom text-sm overflow-hidden rounded-md border"
        >
          <thead
            class="[&_tr]:border-b"
          >
            <tr
              class="border-b border-border transition-colors hover:bg-muted/50 data-[state=selected]:bg-muted"
            >
              <th
                class="h-10 px-2 text-left align-middle font-medium text-muted-foreground [&:has([role=checkbox])]:pr-0 [&>[role=checkbox]]:translate-y-[2px]"
              >
                <div
                  class="p-2"
                >
                  Title
                </div>
              </th>
              <th
                class="h-10 px-2 text-left align-middle font-medium text-muted-foreground [&:has([role=checkbox])]:pr-0 [&>[role=checkbox]]:translate-y-[2px]"
              >
                <div
                  class="p-2"
                >
                  Author
                </div>
              </th>
              <th
                class="h-10 px-2 text-left align-middle font-medium text-muted-foreground [&:has([role=checkbox])]:pr-0 [&>[role=checkbox]]:translate-y-[2px]"
              >
                <div
                  class="text-center"
                >
                  Actions
                </div>
              </th>
            </tr>
          </thead>
          <tbody
            class="[&_tr:last-child]:border-0"
          >
            <tr
              class="border-b border-border transition-colors hover:bg-muted/50 data-[state=selected]:bg-muted"
            >
              <td
                class="p-2 align-middle [&:has([role=checkbox])]:pr-0 [&>[role=checkbox]]:translate-y-[2px]"
              >
                <div
                  class="p-2"
                >
                  <div
                    class="flex items-center gap-4 mb-2"
                  >
                    <div
                      class="rounded-full bg-green-500/20 border-green-500/50 text-green-500"
                    >
                      <span
                        class="sr-only"
                      >
                        open
                      </span>
                      <svg
                        aria-hidden="true"
                        class="lucide lucide-circle size-3"
                        fill="none"
                        height="24"
                        stroke="currentColor"
                        stroke-linecap="round"
                        stroke-linejoin="round"
                        stroke-width="2"
                        viewBox="0 0 24 24"
                        width="24"
                        xmlns="http://www.w3.org/2000/svg"
                      >
                        <circle
                          cx="12"
                          cy="12"
                          r="10"
                        />
                      </svg>
                    </div>
                    <h3
                      class="font-medium line-clamp-1"
                    >
                      #
                      42
                       
                      Fix the thing
                    </h3>
                  </div>
                  <p
                    class="text-xs text-muted-foreground"
                  >
                    Created 
                    01/01/2026
                     — Updated
                     
                    01/02/2026
                  </p>
                </div>
              </td>
              <td
                class="p-2 align-middle [&:has([role=checkbox])]:pr-0 [&>[role=checkbox]]:translate-y-[2px]"
              >
                <div
                  class="p-2 flex flex-col gap-2"
                >
                  <span
                    class="text-sm font-medium text-foreground"
                  >
                    visormatt
                  </span>
                  <a
                    class="cursor-pointer disabled:pointer-events-none disabled:opacity-50 inline-flex items-center justify-center gap-2 ring-offset-background transition-colors focus-visible:outline-none focus-visible:ring-2 focus-visible:ring-ring focus-visible:ring-offset-2 font-medium whitespace-nowrap [&_svg]:pointer-events-none [&_svg]:size-4 [&_svg]:shrink-0 rounded-sm text-xs px-2 py-1 bg-secondary text-secondary-foreground hover:bg-secondary/80"
                    href="https://github.com/acme/demo/commit/deadbeef1234567890abcdef"
                    rel="noopener noreferrer"
                    target="_blank"
                  >
                    Head
                     
                    <span
                      class="font-mono"
                    >
                      deadbee
                    </span>
                  </a>
                </div>
              </td>
              <td
                class="p-2 align-middle [&:has([role=checkbox])]:pr-0 [&>[role=checkbox]]:translate-y-[2px]"
              >
                <div
                  class="flex flex-wrap gap-2 p-2"
                >
                  <a
                    class="cursor-pointer disabled:pointer-events-none disabled:opacity-50 inline-flex items-center justify-center gap-2 ring-offset-background transition-colors focus-visible:outline-none focus-visible:ring-2 focus-visible:ring-ring focus-visible:ring-offset-2 font-medium whitespace-nowrap [&_svg]:pointer-events-none [&_svg]:size-4 [&_svg]:shrink-0 rounded-sm text-xs px-2 py-1 border border-input bg-background hover:bg-accent hover:text-accent-foreground"
                    data-discover="true"
                    href="/pull-requests?pr=42"
                  >
                    <svg
                      aria-hidden="true"
                      class="lucide lucide-panel-right w-4 h-4"
                      fill="none"
                      height="24"
                      stroke="currentColor"
                      stroke-linecap="round"
                      stroke-linejoin="round"
                      stroke-width="2"
                      viewBox="0 0 24 24"
                      width="24"
                      xmlns="http://www.w3.org/2000/svg"
                    >
                      <rect
                        height="18"
                        rx="2"
                        width="18"
                        x="3"
                        y="3"
                      />
                      <path
                        d="M15 3v18"
                      />
                    </svg>
                    <span
                      class="sr-only"
                    >
                      Preview in side panel
                    </span>
                  </a>
                  <a
                    class="cursor-pointer disabled:pointer-events-none disabled:opacity-50 inline-flex items-center justify-center gap-2 ring-offset-background transition-colors focus-visible:outline-none focus-visible:ring-2 focus-visible:ring-ring focus-visible:ring-offset-2 font-medium whitespace-nowrap [&_svg]:pointer-events-none [&_svg]:size-4 [&_svg]:shrink-0 rounded-sm text-xs px-2 py-1 border border-input bg-background hover:bg-accent hover:text-accent-foreground"
                    data-discover="true"
                    href="/pull-requests/42"
                  >
                    <svg
                      aria-hidden="true"
                      class="lucide lucide-arrow-right w-4 h-4"
                      fill="none"
                      height="24"
                      stroke="currentColor"
                      stroke-linecap="round"
                      stroke-linejoin="round"
                      stroke-width="2"
                      viewBox="0 0 24 24"
                      width="24"
                      xmlns="http://www.w3.org/2000/svg"
                    >
                      <path
                        d="M5 12h14"
                      />
                      <path
                        d="m12 5 7 7-7 7"
                      />
                    </svg>
                    <span
                      class="sr-only"
                    >
                      Open full pull request page
                    </span>
                  </a>
                  <a
                    class="cursor-pointer disabled:pointer-events-none disabled:opacity-50 inline-flex items-center justify-center gap-2 ring-offset-background transition-colors focus-visible:outline-none focus-visible:ring-2 focus-visible:ring-ring focus-visible:ring-offset-2 font-medium whitespace-nowrap [&_svg]:pointer-events-none [&_svg]:size-4 [&_svg]:shrink-0 rounded-sm text-xs px-2 py-1 border border-input bg-background hover:bg-accent hover:text-accent-foreground"
                    href="https://github.com/acme/demo/pull/42"
                    rel="noopener noreferrer"
                    target="_blank"
                  >
                    <svg
                      aria-hidden="true"
                      class="lucide lucide-git-pull-request w-4 h-4"
                      fill="none"
                      height="24"
                      stroke="currentColor"
                      stroke-linecap="round"
                      stroke-linejoin="round"
                      stroke-width="2"
                      viewBox="0 0 24 24"
                      width="24"
                      xmlns="http://www.w3.org/2000/svg"
                    >
                      <circle
                        cx="18"
                        cy="18"
                        r="3"
                      />
                      <circle
                        cx="6"
                        cy="6"
                        r="3"
                      />
                      <path
                        d="M13 6h3a2 2 0 0 1 2 2v7"
                      />
                      <line
                        x1="6"
                        x2="6"
                        y1="9"
                        y2="21"
                      />
                    </svg>
                    <span
                      class="sr-only"
                    >
                      GitHub PR
                    </span>
                  </a>
                  <a
                    class="cursor-pointer disabled:pointer-events-none disabled:opacity-50 inline-flex items-center justify-center gap-2 ring-offset-background transition-colors focus-visible:outline-none focus-visible:ring-2 focus-visible:ring-ring focus-visible:ring-offset-2 font-medium whitespace-nowrap [&_svg]:pointer-events-none [&_svg]:size-4 [&_svg]:shrink-0 rounded-sm text-xs px-2 py-1 bg-primary text-primary-foreground hover:bg-primary/90"
                    href="https://github.com/acme/demo/pull/42/checks"
                    rel="noopener noreferrer"
                    target="_blank"
                  >
                    Checks (CI)
                  </a>
                </div>
              </td>
            </tr>
          </tbody>
        </table>
      </div>
    </div>
  </div>
</body>
`;
