// Vitest Snapshot v1, https://vitest.dev/guide/snapshot.html

exports[`QueueForm Component > should render 1`] = `
<body>
  <div>
    <div
      class="p-4"
      data-testid="QueueForm"
    >
      <form
        action="/"
        class="w-full space-y-4"
        data-discover="true"
        method="post"
      >
        <div>
          <label
            class="text-sm font-medium inline-block leading-none peer-disabled:cursor-not-allowed peer-disabled:opacity-70"
            for="queue-name"
          >
            Queue name
          </label>
          <input
            class="flex h-10 w-full rounded-md border border-input bg-background px-3 py-2 text-base ring-offset-background file:border-0 file:bg-transparent file:text-sm file:font-medium file:text-foreground placeholder:text-muted-foreground focus-visible:outline-none focus-visible:ring-2 focus-visible:ring-ring focus-visible:ring-offset-2 disabled:cursor-not-allowed disabled:opacity-50 md:text-sm"
            id="queue-name"
            name="name"
            placeholder="e.g. my-queue"
            required=""
            type="text"
          />
          <p
            class="mt-1 text-xs text-muted-foreground"
          >
            Letters, numbers, hyphens, and underscores only. Max 128 characters.
          </p>
        </div>
        <div
          class="flex gap-3 justify-end"
        >
          <a
            class="cursor-pointer disabled:pointer-events-none disabled:opacity-50 inline-flex items-center justify-center gap-2 ring-offset-background transition-colors focus-visible:outline-none focus-visible:ring-2 focus-visible:ring-ring focus-visible:ring-offset-2 text-sm font-medium whitespace-nowrap rounded-md [&_svg]:pointer-events-none [&_svg]:size-4 [&_svg]:shrink-0 h-10 px-4 py-2 border border-input bg-background hover:bg-accent hover:text-accent-foreground"
            data-discover="true"
            href="/queues"
            type="submit"
          >
            Cancel
          </a>
          <button
            class="cursor-pointer disabled:pointer-events-none disabled:opacity-50 inline-flex items-center justify-center gap-2 ring-offset-background transition-colors focus-visible:outline-none focus-visible:ring-2 focus-visible:ring-ring focus-visible:ring-offset-2 text-sm font-medium whitespace-nowrap rounded-md [&_svg]:pointer-events-none [&_svg]:size-4 [&_svg]:shrink-0 h-10 px-4 py-2 bg-secondary text-secondary-foreground hover:bg-secondary/80"
            type="submit"
          >
            Create queue
          </button>
        </div>
      </form>
    </div>
  </div>
</body>
`;
