// Vitest Snapshot v1, https://vitest.dev/guide/snapshot.html

exports[`HomeBuiltWith Component > should render 1`] = `
<body>
  <div>
    <div
      class="p-4"
      data-testid="HomeBuiltWith"
    >
      <h2
        class="text-2xl text-center"
      >
        Everything is built on OpenSource work
      </h2>
    </div>
  </div>
</body>
`;
