// Vitest Snapshot v1, https://vitest.dev/guide/snapshot.html

exports[`SettingsStorage Component > should render 1`] = `
<body>
  <div>
    <div
      class="bg-card rounded-lg transition-colors border hover:border-muted-foreground/40"
    >
      <div
        class="p-6 flex flex-row flex-wrap items-center justify-between gap-2 space-y-0"
      >
        <div
          class="font-semibold tracking-tight text-base"
        >
          Storage: local & session
        </div>
        <button
          class="cursor-pointer disabled:pointer-events-none disabled:opacity-50 inline-flex items-center justify-center gap-2 ring-offset-background transition-colors focus-visible:outline-none focus-visible:ring-2 focus-visible:ring-ring focus-visible:ring-offset-2 text-sm font-medium whitespace-nowrap [&_svg]:pointer-events-none [&_svg]:size-4 [&_svg]:shrink-0 h-9 rounded-md px-3 border border-input bg-background hover:bg-accent hover:text-accent-foreground"
          type="button"
        >
          Refresh
        </button>
      </div>
      <div
        class="p-6 pt-0 space-y-4 text-sm"
      >
        <div>
          <p
            class="mb-2 font-medium text-foreground"
          >
            local storage
          </p>
          <p
            class="text-muted-foreground"
          >
            No keys.
          </p>
        </div>
        <div>
          <p
            class="mb-2 font-medium text-foreground"
          >
            session storage
          </p>
          <p
            class="text-muted-foreground"
          >
            No keys.
          </p>
        </div>
      </div>
    </div>
  </div>
</body>
`;
