// Vitest Snapshot v1, https://vitest.dev/guide/snapshot.html

exports[`SettingsFeatureFlags Component > should render 1`] = `
<body>
  <div>
    <div>
      <div
        class="flex gap-2"
      >
        <h3
          class="flex flex-1 items-center gap-4 mb-4"
          data-testid="GlobalHeading"
        >
          <svg
            aria-hidden="true"
            class="lucide lucide-flag size-4 text-muted-foreground"
            fill="none"
            height="24"
            stroke="currentColor"
            stroke-linecap="round"
            stroke-linejoin="round"
            stroke-width="2"
            viewBox="0 0 24 24"
            width="24"
            xmlns="http://www.w3.org/2000/svg"
          >
            <path
              d="M4 22V4a1 1 0 0 1 .4-.8A6 6 0 0 1 8 2c3 0 5 2 7.333 2q2 0 3.067-.8A1 1 0 0 1 20 4v10a1 1 0 0 1-.4.8A6 6 0 0 1 16 16c-3 0-5-2-8-2a6 6 0 0 0-4 1.528"
            />
          </svg>
          Feature flags
        </h3>
      </div>
      <div
        class="bg-card rounded-lg transition-colors border hover:border-muted-foreground/40 p-4 space-y-2 text-sm text-muted-foreground"
      >
        <p
          class="gap-2"
        >
          <span
            class="font-medium"
          >
            FEATURE_BETA_PREVIEW
            :
          </span>
          <code
            class="rounded bg-muted px-1.5 py-0.5 text-xs"
          >
            true
          </code>
        </p>
        <p>
          <span
            class="font-medium"
          >
            REACT_ROUTER_DEV_TOOLS
          </span>
           is read when the Vite dev server starts. Set
           
          <code
            class="rounded bg-muted px-1.5 py-0.5 text-xs"
          >
            REACT_ROUTER_DEV_TOOLS=true
          </code>
           
          in 
          <code
            class="text-xs"
          >
            .env
          </code>
           and restart
           
          <code
            class="text-xs"
          >
            nx run openthrottle-developer:dev
          </code>
          . See the monorepo doc below.
        </p>
        <p>
          <span
            class="font-medium"
          >
            APP_ENABLE_ANALYTICS
          </span>
           and
           
          <span
            class="font-medium"
          >
            APP_ENABLE_AUTHENTICATION
          </span>
           are not included in 
          <code
            class="text-xs"
          >
            window.env
          </code>
          ; check your environment or deployment config if you need them.
        </p>
      </div>
    </div>
  </div>
</body>
`;
