// Vitest Snapshot v1, https://vitest.dev/guide/snapshot.html

exports[`SettingsEnvironment Component > should render 1`] = `
<body>
  <div>
    <h2>
      Unexpected Application Error!
    </h2>
    <h3
      style="font-style: italic;"
    >
      Cannot convert undefined or null to object
    </h3>
    <pre
      style="padding: 0.5rem; background-color: rgba(200, 200, 200, 0.5);"
    >
      TypeError: Cannot convert undefined or null to object
    at Object.entries (&lt;anonymous&gt;)
    at SettingsEnvironment (/Users/matt/Development/openthrottle/applications/openthrottle-developer/app/routing/settings/components/SettingsEnvironment.tsx:63:23)
    at Object.react_stack_bottom_frame (/Users/matt/Development/openthrottle/node_modules/react-dom/cjs/react-dom-client.development.js:25904:20)
    at renderWithHooks (/Users/matt/Development/openthrottle/node_modules/react-dom/cjs/react-dom-client.development.js:7662:22)
    at updateFunctionComponent (/Users/matt/Development/openthrottle/node_modules/react-dom/cjs/react-dom-client.development.js:10166:19)
    at beginWork (/Users/matt/Development/openthrottle/node_modules/react-dom/cjs/react-dom-client.development.js:11778:18)
    at runWithFiberInDEV (/Users/matt/Development/openthrottle/node_modules/react-dom/cjs/react-dom-client.development.js:874:13)
    at performUnitOfWork (/Users/matt/Development/openthrottle/node_modules/react-dom/cjs/react-dom-client.development.js:17641:22)
    at workLoopSync (/Users/matt/Development/openthrottle/node_modules/react-dom/cjs/react-dom-client.development.js:17469:41)
    at renderRootSync (/Users/matt/Development/openthrottle/node_modules/react-dom/cjs/react-dom-client.development.js:17450:11)
    </pre>
    <p>
      💿 Hey developer 👋
    </p>
    <p>
      You can provide a way better UX than this when your app throws errors by providing your own 
      <code
        style="padding: 2px 4px; background-color: rgba(200, 200, 200, 0.5);"
      >
        ErrorBoundary
      </code>
       or
       
      <code
        style="padding: 2px 4px; background-color: rgba(200, 200, 200, 0.5);"
      >
        errorElement
      </code>
       prop on your route.
    </p>
  </div>
</body>
`;
