// Vitest Snapshot v1, https://vitest.dev/guide/snapshot.html

exports[`SettingsSupportBundle Component > should render 1`] = `
<body>
  <div>
    <div
      class="flex flex-col gap-4"
    >
      <div
        class="flex gap-2"
      >
        <h2
          class="flex flex-1 items-center gap-4"
          data-testid="GlobalHeading"
        >
          Support bundle
        </h2>
      </div>
      <p
        class="space-y-2 text-sm text-muted-foreground"
      >
        Includes sanitized 
        <code
          class="text-xs"
        >
          window.env
        </code>
        , page URL, user agent, language, and the
         
        <strong
          class="font-medium text-foreground"
        >
          full
        </strong>
         client log buffer (not the filtered view). Attach the file or pasted JSON to bug reports; omit sensitive context outside this bundle if needed.
      </p>
      <div
        class="flex flex-wrap gap-2 justify-end"
      >
        <button
          class="cursor-pointer disabled:pointer-events-none disabled:opacity-50 inline-flex items-center justify-center gap-2 ring-offset-background transition-colors focus-visible:outline-none focus-visible:ring-2 focus-visible:ring-ring focus-visible:ring-offset-2 text-sm font-medium whitespace-nowrap [&_svg]:pointer-events-none [&_svg]:size-4 [&_svg]:shrink-0 h-9 rounded-md px-3 border border-input bg-background hover:bg-accent hover:text-accent-foreground"
          type="button"
        >
          Copy bundle JSON
        </button>
        <button
          class="cursor-pointer disabled:pointer-events-none disabled:opacity-50 inline-flex items-center justify-center gap-2 ring-offset-background transition-colors focus-visible:outline-none focus-visible:ring-2 focus-visible:ring-ring focus-visible:ring-offset-2 text-sm font-medium whitespace-nowrap [&_svg]:pointer-events-none [&_svg]:size-4 [&_svg]:shrink-0 h-9 rounded-md px-3 bg-secondary text-secondary-foreground hover:bg-secondary/80"
          type="button"
        >
          Download bundle JSON
        </button>
      </div>
    </div>
  </div>
</body>
`;
