// Vitest Snapshot v1, https://vitest.dev/guide/snapshot.html

exports[`UsageSnapshot Component > should render 1`] = `
<body>
  <div>
    <div
      class="border hover:border-accent/60 rounded-lg transition-colors border-dashed bg-muted/15"
    >
      <div
        class="flex flex-col space-y-1.5 p-6"
      >
        <div
          class="font-semibold tracking-tight text-base"
        >
          Export coarse usage data
        </div>
        <div
          class="text-sm text-muted-foreground"
        >
          Copies the date range, each daily row, and series totals as JSON. This does not add missing analytics—it packages what the chart already shows so you can paste into an issue or compare environments.
        </div>
      </div>
      <div
        class="p-6 pt-0"
      >
        <button
          class="cursor-pointer disabled:pointer-events-none disabled:opacity-50 inline-flex items-center justify-center gap-2 ring-offset-background transition-colors focus-visible:outline-none focus-visible:ring-2 focus-visible:ring-ring focus-visible:ring-offset-2 text-sm font-medium whitespace-nowrap rounded-md [&_svg]:pointer-events-none [&_svg]:size-4 [&_svg]:shrink-0 h-10 px-4 py-2 border border-input bg-background hover:bg-accent hover:text-accent-foreground"
          type="button"
        >
          Copy usage snapshot (JSON)
        </button>
      </div>
    </div>
  </div>
</body>
`;
