// Vitest Snapshot v1, https://vitest.dev/guide/snapshot.html

exports[`DashboardStatCard Component > should render 1`] = `
<body>
  <div>
    <div
      class="bg-card transition-colors border hover:border-muted-foreground/40 p-8 rounded-xl"
      data-testid="DashboardStatCard"
    >
      <div
        class="flex items-center gap-2"
      >
        <svg
          fill="currentColor"
          height="1em"
          viewBox="0 0 256 256"
          width="1em"
          xmlns="http://www.w3.org/2000/svg"
        >
          <path
            d="M165.78,224H208a16,16,0,0,0,16-16V170.35A8,8,0,0,0,212.94,163a23.37,23.37,0,0,1-8.94,1.77c-13.23,0-24-11.1-24-24.73s10.77-24.73,24-24.73a23.37,23.37,0,0,1,8.94,1.77A8,8,0,0,0,224,109.65V72a16,16,0,0,0-16-16H171.78a35.36,35.36,0,0,0,.22-4,36,36,0,0,0-72,0,35.36,35.36,0,0,0,.22,4H64A16,16,0,0,0,48,72v32.22a35.36,35.36,0,0,0-4-.22,36,36,0,0,0,0,72,35.36,35.36,0,0,0,4-.22V208a16,16,0,0,0,16,16h42.22"
          />
        </svg>
        <h2
          class="text-xl font-bold heading-2"
        >
          A test heading
        </h2>
      </div>
      <div
        class="p-6 pt-0 mt-4"
      >
        <p
          class="text-muted-foreground"
        >
          A test description
        </p>
      </div>
    </div>
  </div>
</body>
`;
