// Vitest Snapshot v1, https://vitest.dev/guide/snapshot.html

exports[`PlansIntroduction Component > should render 1`] = `
<body>
  <div>
    <div>
      <div
        class="flex gap-2"
      >
        <h1
          class="flex flex-1 items-center gap-4 mb-4"
          data-testid="GlobalHeading"
        >
          <svg
            aria-hidden="true"
            class="lucide lucide-list-chevrons-up-down size-4 text-muted-foreground"
            fill="none"
            height="24"
            stroke="currentColor"
            stroke-linecap="round"
            stroke-linejoin="round"
            stroke-width="2"
            viewBox="0 0 24 24"
            width="24"
            xmlns="http://www.w3.org/2000/svg"
          >
            <path
              d="M3 5h8"
            />
            <path
              d="M3 12h8"
            />
            <path
              d="M3 19h8"
            />
            <path
              d="m15 8 3-3 3 3"
            />
            <path
              d="m15 16 3 3 3-3"
            />
          </svg>
          Plans
        </h1>
      </div>
      <p
        class="text-muted-foreground text-sm"
      >
        Lorem ipsum dolor, sit amet consectetur adipisicing elit. Deserunt sequi doloremque consectetur repellat porro provident nesciunt nisi deleniti laborum distinctio, quod magni nemo quidem tenetur aliquid ut, sit repellendus perspiciatis?
      </p>
    </div>
  </div>
</body>
`;
