// Vitest Snapshot v1, https://vitest.dev/guide/snapshot.html

exports[`PlanToggleLayout Component > should render 1`] = `
<body>
  <div>
    <div
      class="flex flex-col gap-3 sm:flex-row sm:items-center sm:justify-between"
    >
      <h2
        class="text-lg font-semibold"
      >
        Tasks
      </h2>
      <div
        aria-label="Choose how to display plan tasks"
        class="flex items-center gap-1 shrink-0"
        dir="ltr"
        role="group"
        style="outline: none;"
        tabindex="0"
      >
        <button
          aria-checked="false"
          aria-label="Table view"
          class="cursor-pointer inline-flex items-center justify-center rounded-md text-sm font-medium ring-offset-background transition-colors focus-visible:outline-none focus-visible:ring-2 focus-visible:ring-ring focus-visible:ring-offset-2 disabled:pointer-events-none disabled:opacity-50 data-[state=on]:bg-accent data-[state=on]:text-accent-foreground [&_svg]:pointer-events-none [&_svg]:size-4 [&_svg]:shrink-0 h-9 border border-input bg-transparent hover:bg-accent hover:text-accent-foreground gap-1.5 px-2.5"
          data-radix-collection-item=""
          data-state="off"
          role="radio"
          tabindex="-1"
          type="button"
        >
          <svg
            aria-hidden="true"
            class="lucide lucide-table size-4"
            fill="none"
            height="24"
            stroke="currentColor"
            stroke-linecap="round"
            stroke-linejoin="round"
            stroke-width="2"
            viewBox="0 0 24 24"
            width="24"
            xmlns="http://www.w3.org/2000/svg"
          >
            <path
              d="M12 3v18"
            />
            <rect
              height="18"
              rx="2"
              width="18"
              x="3"
              y="3"
            />
            <path
              d="M3 9h18"
            />
            <path
              d="M3 15h18"
            />
          </svg>
          Table
        </button>
        <button
          aria-checked="false"
          aria-label="Board view"
          class="cursor-pointer inline-flex items-center justify-center rounded-md text-sm font-medium ring-offset-background transition-colors focus-visible:outline-none focus-visible:ring-2 focus-visible:ring-ring focus-visible:ring-offset-2 disabled:pointer-events-none disabled:opacity-50 data-[state=on]:bg-accent data-[state=on]:text-accent-foreground [&_svg]:pointer-events-none [&_svg]:size-4 [&_svg]:shrink-0 h-9 border border-input bg-transparent hover:bg-accent hover:text-accent-foreground gap-1.5 px-2.5"
          data-radix-collection-item=""
          data-state="off"
          role="radio"
          tabindex="-1"
          type="button"
        >
          <svg
            aria-hidden="true"
            class="lucide lucide-columns2 lucide-columns-2 size-4"
            fill="none"
            height="24"
            stroke="currentColor"
            stroke-linecap="round"
            stroke-linejoin="round"
            stroke-width="2"
            viewBox="0 0 24 24"
            width="24"
            xmlns="http://www.w3.org/2000/svg"
          >
            <rect
              height="18"
              rx="2"
              width="18"
              x="3"
              y="3"
            />
            <path
              d="M12 3v18"
            />
          </svg>
          Board
        </button>
      </div>
    </div>
  </div>
</body>
`;
