// Vitest Snapshot v1, https://vitest.dev/guide/snapshot.html

exports[`PlanWorkflowConfigHookActions Component > should render 1`] = `
<body>
  <div>
    <div
      class="p-4"
      data-testid="PlanWorkflowConfigHookActions"
    >
      <h2>
        PlanWorkflowConfigHookActions
      </h2>
    </div>
  </div>
</body>
`;
