// Vitest Snapshot v1, https://vitest.dev/guide/snapshot.html

exports[`SearchCard Component > when result has planId and taskId (task source) > should match snapshot for task card with plan + task links 1`] = `
<body>
  <div>
    <div
      class="bg-card border hover:border-accent/60 rounded-lg transition-colors"
      data-testid="SearchTaskCard"
    >
      <div
        class="flex flex-col p-6 space-y-2"
      >
        <div
          class="flex flex-wrap items-center gap-2"
        >
          <div
            class="inline-flex text-center items-center rounded-full border px-2.5 py-0.5 text-xs font-semibold transition-colors focus:outline-none focus:ring-2 focus:ring-ring focus:ring-offset-2 border-transparent bg-secondary text-secondary-foreground hover:bg-secondary/80"
            data-testid="SearchTaskCard-sourceBadge"
          >
            task
          </div>
        </div>
        <div
          class="flex flex-col gap-1 sm:flex-row sm:flex-wrap sm:items-center sm:gap-2 text-lg font-semibold leading-tight tracking-tight"
        >
          <span
            class="text-lg font-semibold leading-tight tracking-tight"
          >
            A task
          </span>
          <span
            class="text-sm font-normal text-muted-foreground"
          >
            <a
              class="underline-offset-4 hover:underline"
              data-discover="true"
              data-testid="SearchTaskCard-planLink"
              href="/plans/plan-456"
            >
              Plan With Task
            </a>
             · 
            <a
              class="underline-offset-4 hover:underline"
              data-discover="true"
              data-testid="SearchTaskCard-taskLink"
              href="/plans/plan-456#task-task-789"
            >
              View task
            </a>
          </span>
        </div>
      </div>
      <div
        class="shrink-0 bg-border h-px w-full"
        data-orientation="horizontal"
        role="none"
      />
      <div
        class="p-6 space-y-3 pt-4"
      >
        <p
          class="text-sm text-muted-foreground leading-relaxed"
        >
          Chunk content
        </p>
        <p
          class="text-xs text-muted-foreground"
          data-testid="SearchTaskCard-similarity"
        >
          Relevance: 
          90
          %
        </p>
        <details
          data-testid="SearchWhyThisResult"
        >
          <summary
            class="cursor-pointer text-xs font-medium text-muted-foreground"
          >
            Why this result?
          </summary>
          <div
            class="mt-2 space-y-2 rounded-md border border-border bg-muted/40 p-3 text-xs text-muted-foreground"
          >
            <p>
              OpenThrottle search embeds your query and compares it to plan, task, and documentation chunks (vector similarity). This hit matches text from a task linked to a plan. Cosine similarity to your query embedding is about 90% (higher means closer in vector space).
            </p>
            <p
              class="font-mono text-[11px] text-muted-foreground/90"
            >
              Chunk id: chunk-1
            </p>
            <p
              class="font-mono text-[11px] text-muted-foreground/90"
            >
              Plan id: plan-456 · Task id: task-789
            </p>
            <p
              class="border-t border-border pt-2 text-[11px] text-muted-foreground"
            >
              <strong
                class="font-medium text-foreground/90"
              >
                Tuning:
              </strong>
               
              the API returns the strongest matches first. Use a tighter query for fewer off-topic hits; lower 
              <strong
                class="font-medium"
              >
                Results per page
              </strong>
               
              in filters when you only need the top slice.
            </p>
          </div>
        </details>
      </div>
    </div>
  </div>
</body>
`;
